# Bench evidence A: slave (obdtest = BLE + ESP-NOW), desktop obd-ble-sim advertising.
# Result: peer discovered (service UUID hit) but 277/277 connect attempts end in 0x0D.
# Chinese log text stripped by the capture encoder; ASCII judgement lines kept verbatim.

espnow: bcast_peer=yes peers=1 (add=ok)
espnow: sta_mac=90:70:69:ea:f6:b4 ch=6 rxring=1024 txring=256 ps=off
BEACON  1  step=7(loop: ???????????????)  uptime=1s heap=29KB psram=8192KB flash=16MB
obd-ble: ??? connectNow begin (peer=64:d7:6d:0c:f5:55 type=1)
obd-ble: ??? connect() ??????=1 ??????????????????=1ms rssi=-71 ??????free=29KB?????? ?????????????????? onConnect / onConnectFail???
obd-ble: onConnectFail reason=0x0D ??? ??? ?????????????????????
BEACON  2  step=8(loop: UI ??? tick)  uptime=2s heap=29KB psram=8192KB flash=16MB
espnow: tx_frames=4 tx_bytes=81 tx_fail=0 last_err=0 done=4 done_fail=0 pending=0 txring=23 | rx_frames=59 rx_bytes=747 rx_foreign=0 overflow=0 gap_rx=41ms
obd-ble: ??? connectNow begin (peer=64:d7:6d:0c:f5:55 type=1)
obd-ble: ??? connect() ??????=1 ??????????????????=1ms rssi=-71 ??????free=29KB?????? ?????????????????? onConnect / onConnectFail???
obd-ble: onConnectFail reason=0x0D ??? ??? ?????????????????????
BEACON  3  step=8(loop: UI ??? tick)  uptime=3s heap=29KB psram=8192KB flash=16MB
obd-ble: ??? connectNow begin (peer=64:d7:6d:0c:f5:55 type=1)
obd-ble: ??? connect() ??????=1 ??????????????????=1ms rssi=-71 ??????free=29KB?????? ?????????????????? onConnect / onConnectFail???
obd-ble: onConnectFail reason=0x0D ??? ??? ?????????????????????
BEACON  4  step=7(loop: ???????????????)  uptime=4s heap=29KB psram=8192KB flash=16MB
espnow: tx_frames=8 tx_bytes=173 tx_fail=0 last_err=0 done=8 done_fail=0 pending=0 txring=23 | rx_frames=117 rx_bytes=1481 rx_foreign=0 overflow=0 gap_rx=24ms
obd-ble: ??? connectNow begin (peer=64:d7:6d:0c:f5:55 type=1)
obd-ble: ??? connect() ??????=1 ??????????????????=1ms rssi=-71 ??????free=29KB?????? ?????????????????? onConnect / onConnectFail???
obd-ble: onConnectFail reason=0x0D ??? ??? ?????????????????????
SRC speed=link rpm=link coolant=link intake=link | v=163.8km/h 5034rpm 91.0C 32.0C
SRC-VAN age lights=-ms door=-ms vin=-ms | src turn=none door=none vin=none | alert=overspeed beeps=2 | buzz safety=0
link: locked tick_age=53ms seen=47 seq_gap=0 miss=0 offset=543410ms
obd-ble: state=connecting peer=64:d7:6d:0c:f5:55 conn=0 drop=0 connects=0 cs=4/4 radio=BT win=1 cap=0 fails=4 lastFail=0x0D
BEACON  5  step=7(loop: ???????????????)  uptime=5s heap=29KB psram=8192KB flash=16MB
obd-ble: ??? connectNow begin (peer=64:d7:6d:0c:f5:55 type=1)
obd-ble: ??? connect() ??????=1 ??????????????????=1ms rssi=-71 ??????free=29KB?????? ?????????????????? onConnect / onConnectFail???
obd-ble: onConnectFail reason=0x0D ??? ??? ?????????????????????
BEACON  6  step=6(loop: ???????????????)  uptime=6s heap=29KB psram=8192KB flash=16MB
espnow: tx_frames=13 tx_bytes=277 tx_fail=0 last_err=0 done=13 done_fail=0 pending=0 txring=23 | rx_frames=178 rx_bytes=2253 rx_foreign=0 overflow=0 gap_rx=20ms
obd-ble: ??? connectNow begin (peer=64:d7:6d:0c:f5:55 type=1)
obd-ble: ??? connect() ??????=1 ??????????????????=1ms rssi=-71 ??????free=29KB?????? ?????????????????? onConnect / onConnectFail???
obd-ble: onConnectFail reason=0x0D ??? ??? ?????????????????????
BEACON  7  step=8(loop: UI ??? tick)  uptime=7s heap=29KB psram=8192KB flash=16MB
obd-ble: ??? connectNow begin (peer=64:d7:6d:0c:f5:55 type=1)
obd-ble: ??? connect() ??????=1 ??????????????????=1ms rssi=-71 ??????free=29KB?????? ?????????????????? onConnect / onConnectFail???
obd-ble: onConnectFail reason=0x0D ??? ??? ?????????????????????
BEACON  8  step=6(loop: ???????????????)  uptime=8s heap=29KB psram=8192KB flash=16MB
espnow: tx_frames=17 tx_bytes=369 tx_fail=0 last_err=0 done=17 done_fail=0 pending=0 txring=23 | rx_frames=239 rx_bytes=3026 rx_foreign=0 overflow=0 gap_rx=4ms
obd-ble: ??? connectNow begin (peer=64:d7:6d:0c:f5:55 type=1)
obd-ble: ??? connect() ??????=1 ??????????????????=1ms rssi=-71 ??????free=29KB?????? ?????????????????? onConnect / onConnectFail???
obd-ble: onConnectFail reason=0x0D ??? ??? ?????????????????????
BEACON  9  step=8(loop: UI ??? tick)  uptime=9s heap=29KB psram=8192KB flash=16MB
obd-ble: ??? connectNow begin (peer=64:d7:6d:0c:f5:55 type=1)
obd-ble: ??? connect() ??????=1 ??????????????????=1ms rssi=-71 ??????free=29KB?????? ?????????????????? onConnect / onConnectFail???
